max_provinces = 432
definitions = "definition.csv"
provinces = "provinces.bmp"
positions = "positions.txt"
terrain = "terrain.bmp"
rivers = "rivers.bmp"
terrain_definition = "terrain.txt"
heightmap = "topology.bmp"
tree_definition = "trees.bmp"
continent = "continent.txt"
adjacencies = "adjacencies.csv"
climate = "climate.txt"
region = "island_region.txt"
geographical_region = "geographical_region.txt"
static = "static.txt"
seasons = "seasons.txt"

# Belegaer
sea_zones = { 269 306 }

# Lower Sirion/Narog
sea_zones = { 307 314 }

# Brithon
sea_zones = { 348 349 }

# Nenning
sea_zones = { 350 351 }

# Gelion
sea_zones = { 352 364 }

# Ivrin's Well
sea_zones = { 315 315 }

# Linaewen
sea_zones = { 316 317 }

# Mithrim + Tributaries
sea_zones = { 318 321 }

# Northern Sirion + Tributaries
sea_zones = { 322 347 }

ocean_region = { # all ocean-connected sea zones
	sea_zones = { 1 2 3 4 5 }
}

# Define which indices in trees.bmp palette which should count as trees for automatic terrain assignment
tree = { 3 4 7 10 }

major_rivers = 
{ 
	# Lower Sirion
	307 308 309 310 311 312 313 314
	# Linaewen
	316 317
	# Mithrim
	318 319 320 321
	# Upper Sirion
	322 323 324 325 326 327 328 329 330 331 332 333 334 335 336 337 338 339 340 341 342 343 344 345 346 347
	# Brithon
	348 349
	# Nenning
	350 351
	# Gelion
	352 353 354 355 356 357 358 359 360 361 362 363 364
}